Navigating to Workers page...
PAGE LOG: [vite] connecting...
PAGE LOG: [vite] connected.
PAGE LOG: %cDownload the React DevTools for a better development experience: https://reactjs.org/link/react-devtools font-weight:bold
PAGE LOG: No routes matched location "/login" 
PAGE LOG: No routes matched location "/login" 
PAGE LOG: Error handled by React Router default ErrorBoundary: [object ErrorResponseImpl]
PAGE LOG: Error handled by React Router default ErrorBoundary: [object ErrorResponseImpl]
PAGE LOG: <meta name="apple-mobile-web-app-capable" content="yes"> is deprecated. Please include <meta name="mobile-web-app-capable" content="yes">
PAGE LOG: [vite] connecting...
PAGE LOG: [vite] connected.
PAGE LOG: %cDownload the React DevTools for a better development experience: https://reactjs.org/link/react-devtools font-weight:bold
PAGE LOG: No routes matched location "/admin/workers" 
PAGE LOG: No routes matched location "/admin/workers" 
PAGE LOG: Error handled by React Router default ErrorBoundary: [object ErrorResponseImpl]
PAGE LOG: Error handled by React Router default ErrorBoundary: [object ErrorResponseImpl]
PAGE LOG: <meta name="apple-mobile-web-app-capable" content="yes"> is deprecated. Please include <meta name="mobile-web-app-capable" content="yes">
node : file:///C:/Users/nirma/Downloads/don_
senior/frontend/node_modules/puppeteer-core/
lib/esm/puppeteer/common/QueryHandler.js:211
At line:1 char:1
+ node test_add.js 2>&1 | Tee-Object 
test_log.txt
+ ~~~~~~~~~~~~~~~~~~~~~
    + CategoryInfo          : NotSpecified: 
    (file:///C:/User...yHandler.js:211:Str  
  ing) [], RemoteException
    + FullyQualifiedErrorId : NativeCommand 
   Error
 
                const waitForSelectorError 
= new (error instanceof TimeoutError ? 
TimeoutError : Error)(`Waiting for selector 
\`${selector}\` failed`);
                                            
 ^

TimeoutError: Waiting for selector 
`Workers` failed
    at TextQueryHandler.waitFor (file:///C:/
Users/nirma/Downloads/don_senior/frontend/no
de_modules/puppeteer-core/lib/esm/puppeteer/
common/QueryHandler.js:211:46)
    at async CdpFrame.waitForSelector (file:
///C:/Users/nirma/Downloads/don_senior/front
end/node_modules/puppeteer-core/lib/esm/pupp
eteer/api/Frame.js:541:21)
    at async CdpPage.waitForSelector (file:/
//C:/Users/nirma/Downloads/don_senior/fronte
nd/node_modules/puppeteer-core/lib/esm/puppe
teer/api/Page.js:1387:20)
    at async file:///C:/Users/nirma/Download
s/don_senior/frontend/test_add.js:19:5 {
  cause: TimeoutError: Waiting failed: 
30000ms exceeded
      at new WaitTask (file:///C:/Users/nirm
a/Downloads/don_senior/frontend/node_modules
/puppeteer-core/lib/esm/puppeteer/common/Wai
tTask.js:46:34)
      at IsolatedWorld.waitForFunction (file
:///C:/Users/nirma/Downloads/don_senior/fron
tend/node_modules/puppeteer-core/lib/esm/pup
peteer/api/Realm.js:22:26)
      at TextQueryHandler.waitFor (file:///C
:/Users/nirma/Downloads/don_senior/frontend/
node_modules/puppeteer-core/lib/esm/puppetee
r/common/QueryHandler.js:176:95)
      at async CdpFrame.waitForSelector (fil
e:///C:/Users/nirma/Downloads/don_senior/fro
ntend/node_modules/puppeteer-core/lib/esm/pu
ppeteer/api/Frame.js:541:21)
      at async CdpPage.waitForSelector (file
:///C:/Users/nirma/Downloads/don_senior/fron
tend/node_modules/puppeteer-core/lib/esm/pup
peteer/api/Page.js:1387:20)
      at async file:///C:/Users/nirma/Downlo
ads/don_senior/frontend/test_add.js:19:5
}

Node.js v22.17.1
